vite v6.4.1 building for production...
transforming...
✓ 2103 modules transformed.
rendering chunks...
computing gzip size...
dist/index.html                     0.57 kB │ gzip:   0.38 kB
dist/assets/index-DyUyMaXo.css     34.42 kB │ gzip:   6.85 kB
dist/assets/index-BofCtFuK.js   1,425.06 kB │ gzip: 373.92 kB

(!) Some chunks are larger than 500 kB after minification. Consider:
- Using dynamic import() to code-split the application
- Use build.rollupOptions.output.manualChunks to improve chunking: https://rollupjs.org/configuration-options/#output-manualchunks
- Adjust chunk size limit for this warning via build.chunkSizeWarningLimit.
✓ built in 6.89s
